// Jest Snapshot v1, https://goo.gl/fbAQLP

exports[`ModalActivity tests basic tests matches the snapshot 1`] = `
.c4 {
  font-family: Poppins,sans-serif;
}

.c5 {
  display: -webkit-box;
  display: -webkit-flex;
  display: -ms-flexbox;
  display: flex;
  width: 100%;
  -webkit-box-pack: justify;
  -webkit-justify-content: space-between;
  -ms-flex-pack: justify;
  justify-content: space-between;
}

.c6 {
  -webkit-flex-basis: 40%;
  -ms-flex-preferred-size: 40%;
  flex-basis: 40%;
}

.c7 {
  -webkit-flex-basis: 378px;
  -ms-flex-preferred-size: 378px;
  flex-basis: 378px;
  -webkit-box-flex: 0;
  -webkit-flex-grow: 0;
  -ms-flex-positive: 0;
  flex-grow: 0;
  -webkit-flex-shrink: 1;
  -ms-flex-negative: 1;
  flex-shrink: 1;
  margin-bottom: 45px;
}

.c8 {
  margin-bottom: 103px;
  display: -webkit-box;
  display: -webkit-flex;
  display: -ms-flexbox;
  display: flex;
}

.c9 {
  display: -webkit-box;
  display: -webkit-flex;
  display: -ms-flexbox;
  display: flex;
  margin-right: 35px;
  background: none;
  border: none;
  cursor: pointer;
}

.c10 {
  font-size: 14px;
  line-height: 1.43;
  color: #838391;
  margin-left: 13px;
}

.c11 {
  background-color: #f9f9fd;
  margin: 0 -50px;
  padding: 0 50px;
}

.c23 {
  max-width: 508px;
  margin-top: 46px;
  font-family: Muli,sans-serif;
  font-size: 12px;
  font-weight: 300;
  line-height: 1.5;
  color: #686978;
}

.c12 {
  display: -webkit-box;
  display: -webkit-flex;
  display: -ms-flexbox;
  display: flex;
  -webkit-box-pack: justify;
  -webkit-justify-content: space-between;
  -ms-flex-pack: justify;
  justify-content: space-between;
  font-size: 14px;
  font-weight: 600;
  line-height: 2.79;
  -webkit-letter-spacing: 0.2px;
  -moz-letter-spacing: 0.2px;
  -ms-letter-spacing: 0.2px;
  letter-spacing: 0.2px;
  color: #4b4c5c;
  text-transform: uppercase;
  padding-top: 14px;
  margin-top: 28px;
}

.c17 {
  font-size: 14px;
  font-weight: 300;
  line-height: 2.79;
  -webkit-letter-spacing: 0.2px;
  -moz-letter-spacing: 0.2px;
  -ms-letter-spacing: 0.2px;
  letter-spacing: 0.2px;
  color: #4b4c5c;
  text-transform: none;
}

.c21 {
  display: -webkit-box;
  display: -webkit-flex;
  display: -ms-flexbox;
  display: flex;
  font-size: 12px;
  -webkit-align-items: center;
  -webkit-box-align: center;
  -ms-flex-align: center;
  align-items: center;
  line-height: 2;
  color: #9e9fab;
  padding: 11px 0 32px;
}

.c22 {
  margin-left: 8px;
}

.c0 {
  position: fixed;
  top: 0;
  left: 0;
  width: 100%;
  height: 100vh;
  background: rgba(12,13,33,0.85);
  z-index: 99;
  padding: 0 20px;
  overflow: hidden;
}

.c1 {
  max-width: 920px;
  margin: 52px auto;
  background: #fff;
  border-radius: 6px;
  overflow: hidden;
  position: relative;
}

.c2 {
  position: absolute;
  top: 19px;
  right: 19px;
  padding: 10px;
  cursor: pointer;
}

.c3 {
  padding: 61px 50px;
  overflow-y: auto;
  max-height: calc(100vh - 100px);
}

.c19 {
  text-align: right;
}

.c20 {
  padding-right: 10px;
}

.c16 {
  text-align: center;
  padding: 30px 0;
  color: #999ea2;
  font-size: 14px;
}

.c13 {
  width: 100%;
  margin-bottom: 11px;
}

.c14 {
  text-transform: uppercase;
  text-align: left;
  font-family: Poppins,sans-serif;
  font-size: 12px;
  font-weight: 500;
  line-height: 2.33;
  border-bottom: 2px solid #dedfe4;
  border-top: 2px solid #dedfe4;
  color: #4B4C5C;
  padding: 9px 0;
}

.c18 {
  text-transform: uppercase;
  text-align: left;
  font-family: Poppins,sans-serif;
  font-size: 12px;
  font-weight: 500;
  line-height: 2.33;
  border-bottom: 2px solid #dedfe4;
  border-top: 2px solid #dedfe4;
  color: #4B4C5C;
  padding: 9px 0;
}

.c15 {
  text-align: right;
  padding-right: 14px;
}

<div
  className="c0"
  id="activity"
  onClick={[Function]}
>
  <div
    className="c1"
  >
    <div
      className="c2"
      onClick={undefined}
    >
      <svg
        height="11"
        width="11"
        xmlns="http://www.w3.org/2000/svg"
      >
        <path
          d="M1.017 11l-.982-.971L4.551 5.48 0 .976.969 0l4.547 4.502L9.923.066l.985.975-4.407 4.436L11 9.932l-.969.977-4.499-4.456z"
          fill="#DFDFE8"
          fillRule="evenodd"
        />
      </svg>
    </div>
    <div
      className="c3"
    >
      <div
        className="c4"
      >
        <div
          className="c5"
        >
          <div
            className="c6"
          />
          <div
            className="c7"
          >
            <div
              className="c8"
            >
              <button
                className="c9"
              >
                <svg
                  height="21"
                  width="20"
                  xmlns="http://www.w3.org/2000/svg"
                >
                  <g
                    fill="#A1A8F2"
                    fillRule="evenodd"
                  >
                    <path
                      d="M19.998 14.476V6.848c0-.959-.781-1.74-1.74-1.74h-2.093v-3.99A1.12 1.12 0 0 0 15.046 0H4.952a1.12 1.12 0 0 0-1.119 1.119v3.99H1.74C.781 5.108 0 5.888 0 6.847v7.628c0 .958.781 1.74 1.74 1.74h2.093v3.351a1.12 1.12 0 0 0 1.119 1.119h10.094a1.12 1.12 0 0 0 1.119-1.119v-3.356h2.094c.962 0 1.739-.777 1.739-1.735zM4.669 1.119c0-.157.127-.283.283-.283h10.094c.156 0 .283.126.283.283v3.99H4.669v-3.99zm10.664 18.448a.283.283 0 0 1-.283.283H4.952a.283.283 0 0 1-.283-.283v-8.485h10.66v8.485h.004zm3.83-5.091a.904.904 0 0 1-.904.903h-2.094v-4.715a.416.416 0 0 0-.418-.418H4.25a.416.416 0 0 0-.418.418v4.715H1.74a.904.904 0 0 1-.903-.903V6.848c0-.499.405-.904.903-.904h16.52c.498 0 .903.405.903.904v7.628z"
                    />
                    <path
                      d="M3.167 7c-.307 0-.601.13-.825.342A1.211 1.211 0 0 0 2 8.166c0 .307.13.602.342.826.224.211.518.341.825.341.306 0 .6-.13.825-.341a1.19 1.19 0 0 0 .341-.826c0-.306-.129-.6-.34-.824A1.19 1.19 0 0 0 3.166 7zM7.042 15.882h5.923a.416.416 0 0 0 .418-.418.416.416 0 0 0-.418-.418H7.042a.416.416 0 0 0-.418.418c0 .232.185.418.418.418zM7.042 18.25h5.923a.416.416 0 0 0 .418-.418.416.416 0 0 0-.418-.418H7.042a.416.416 0 0 0-.418.418c0 .232.185.418.418.418zM7.042 13.513h5.923a.416.416 0 0 0 .418-.417.417.417 0 0 0-.418-.419H7.042a.416.416 0 0 0-.418.419c0 .232.185.417.418.417z"
                    />
                  </g>
                </svg>
                 
                <div
                  className="c10"
                >
                  MISSING: print
                </div>
              </button>
              <button
                className="c9"
              >
                <svg
                  height="17"
                  width="20"
                  xmlns="http://www.w3.org/2000/svg"
                  xmlnsXlink="http://www.w3.org/1999/xlink"
                >
                  <defs>
                    <path
                      d="M9.597 12.227L5.95 8.587a.57.57 0 0 1 0-.81.572.572 0 0 1 .81 0l2.666 2.664V.573A.57.57 0 0 1 10 0a.57.57 0 0 1 .573.573v9.868l2.661-2.664a.572.572 0 0 1 .811 0 .57.57 0 0 1 0 .81l-3.642 3.64a.56.56 0 0 1-.403.17.577.577 0 0 1-.403-.17zm9.83-6.071c.318 0 .573.259.573.573v6.334a3.717 3.717 0 0 1-3.714 3.711H3.714A3.717 3.717 0 0 1 0 13.063v-6.42a.57.57 0 0 1 .573-.572.57.57 0 0 1 .573.573v6.419a2.57 2.57 0 0 0 2.568 2.566h12.572a2.57 2.57 0 0 0 2.568-2.566V6.729a.57.57 0 0 1 .573-.573z"
                      id="a"
                    />
                  </defs>
                  <use
                    fill="#A1A8F2"
                    fillRule="evenodd"
                    xlinkHref="#a"
                  />
                </svg>
                 
                <div
                  className="c10"
                >
                  MISSING: downloadPDF
                </div>
              </button>
            </div>
          </div>
        </div>
        <div
          className="c11"
        >
          <div
            className="c12"
          >
            MISSING: transactions
          </div>
          <div
            id={undefined}
          >
            <div
              id={undefined}
            >
              <table
                className="c13"
              >
                <thead>
                  <tr>
                    <th
                      className="c14"
                    >
                      MISSING: date
                    </th>
                    <th
                      className="c14"
                    >
                      MISSING: type
                    </th>
                    <th
                      className="c14"
                    >
                      MISSING: description
                    </th>
                    <th
                      className="c14"
                    >
                      <div
                        className="c15"
                      >
                        MISSING: amount
                      </div>
                    </th>
                  </tr>
                </thead>
              </table>
              <div
                className="c16"
              />
            </div>
          </div>
          <div
            className="c12"
          >
            <span>
              MISSING: contributeAllocation
            </span>
            <div
              className="c17"
            >
              MISSING: paymentMonthly
            </div>
          </div>
          <div
            id={undefined}
          >
            <div
              id={undefined}
            >
              <table
                className="c13"
              >
                <thead>
                  <tr>
                    <th
                      className="c18"
                    >
                      <div>
                        MISSING: rewardsContributeVisited
                      </div>
                    </th>
                    <th
                      className="c18"
                    >
                      <div
                        className="c19"
                      >
                        MISSING: rewardsContributeAttention
                      </div>
                    </th>
                    <th
                      className="c18"
                    >
                      <div
                        className="c20 c19"
                      >
                        MISSING: payment
                      </div>
                    </th>
                  </tr>
                </thead>
              </table>
              <div
                className="c16"
              />
            </div>
          </div>
          <div
            className="c21"
          >
            <svg
              height="16"
              width="14"
              xmlns="http://www.w3.org/2000/svg"
            >
              <g
                fill="none"
                fillRule="evenodd"
              >
                <path
                  d="M6.345.206L.162 4.327A.364.364 0 0 0 0 4.63v6.885c0 .121.06.235.162.302l6.183 4.122a.364.364 0 0 0 .403 0l6.183-4.122a.363.363 0 0 0 .162-.302V4.63a.364.364 0 0 0-.162-.303L6.748.206a.364.364 0 0 0-.403 0"
                  fill="#392DD1"
                />
                <path
                  d="M3.396 6.882l-.595.594a.145.145 0 0 0 0 .206L5.9 10.779l4.698-3.97a.145.145 0 0 0 0-.206l-.595-.594a.146.146 0 0 0-.206 0L6.002 9.076a.146.146 0 0 1-.206 0L3.6 6.882a.145.145 0 0 0-.205 0"
                  fill="#FFFFFE"
                />
              </g>
            </svg>
             
            <div
              className="c22"
            >
              MISSING: braveVerified
            </div>
          </div>
        </div>
        <div
          className="c23"
        >
          <b>
            MISSING: pleaseNote
          </b>
           
          MISSING: activityNote
          <br />
          <br />
          MISSING: activityCopy
        </div>
      </div>
    </div>
  </div>
</div>
`;
