// Jest Snapshot v1, https://goo.gl/fbAQLP

exports[`ModalBackupRestore tests basic tests matches the snapshot 1`] = `
.c16 {
  --button-main-color: #B8B9C4;
  --button-main-color-hover: #A0A1B2;
  --button-main-color-active: #E9E9F4;
  --button-state-color: var(--button-main-color);
  --icon-size: 14px;
  --icon-spacing: 6px;
  --webkit-appearance: none;
  box-sizing: border-box;
  background: none;
  border: none;
  outline: none;
  display: -webkit-box;
  display: -webkit-flex;
  display: -ms-flexbox;
  display: flex;
  -webkit-flex-direction: row-reverse;
  -ms-flex-direction: row-reverse;
  flex-direction: row-reverse;
  -webkit-box-pack: center;
  -webkit-justify-content: center;
  -ms-flex-pack: center;
  justify-content: center;
  -webkit-align-items: center;
  -webkit-box-align: center;
  -ms-flex-align: center;
  align-items: center;
  font-family: Poppins,sans-serif;
  cursor: pointer;
  -webkit-user-select: none;
  -moz-user-select: none;
  -ms-user-select: none;
  user-select: none;
  font-size: 11px;
  border-radius: 16px;
  width: auto;
  min-width: 88px;
  padding: 7px 10px;
  border: 1px solid;
  color: var(--button-state-color);
}

.c16:hover:enabled {
  --button-state-color: var(--button-main-color-hover);
}

.c16:active:enabled {
  --button-state-color: var(--button-main-color-active);
}

.c19 {
  --button-main-color: #1B1D2F;
  --button-main-color-hover: #131525;
  --button-main-color-active: #343546;
  --button-state-color: var(--button-main-color);
  --icon-size: 16px;
  --icon-spacing: 6px;
  --webkit-appearance: none;
  box-sizing: border-box;
  background: none;
  border: none;
  outline: none;
  display: -webkit-box;
  display: -webkit-flex;
  display: -ms-flexbox;
  display: flex;
  -webkit-flex-direction: row-reverse;
  -ms-flex-direction: row-reverse;
  flex-direction: row-reverse;
  -webkit-box-pack: center;
  -webkit-justify-content: center;
  -ms-flex-pack: center;
  justify-content: center;
  -webkit-align-items: center;
  -webkit-box-align: center;
  -ms-flex-align: center;
  align-items: center;
  font-family: Poppins,sans-serif;
  cursor: pointer;
  -webkit-user-select: none;
  -moz-user-select: none;
  -ms-user-select: none;
  user-select: none;
  font-size: 13px;
  border-radius: 20px;
  width: auto;
  min-width: 104px;
  padding: 11px 10px;
  border: 1px solid;
  color: var(--button-state-color);
}

.c19:hover:enabled {
  --button-state-color: var(--button-main-color-hover);
}

.c19:active:enabled {
  --button-state-color: var(--button-main-color-active);
}

.c17 {
  min-height: var(--icon-size);
  display: -webkit-box;
  display: -webkit-flex;
  display: -ms-flexbox;
  display: flex;
  -webkit-align-items: center;
  -webkit-box-align: center;
  -ms-flex-align: center;
  align-items: center;
  text-align: center;
  -webkit-letter-spacing: 0;
  -moz-letter-spacing: 0;
  -ms-letter-spacing: 0;
  letter-spacing: 0;
  font-weight: 600;
  text-transform: none;
  line-height: 1;
}

.c4 {
  margin-top: 33px;
}

.c9 {
  font-family: Muli,sans-serif;
  font-size: 16px;
  font-weight: 300;
  line-height: 1.63;
  color: #686978;
  margin-bottom: 39px;
}

.c14 {
  text-align: center;
  display: -webkit-box;
  display: -webkit-flex;
  display: -ms-flexbox;
  display: flex;
}

.c15 {
  margin: 0 4px;
}

.c18 {
  text-align: center;
  margin-top: 59px;
}

.c5 {
  border-bottom: 1px solid #DFDFE8;
  text-align: center;
  font-family: Poppins,sans-serif;
}

.c6 {
  border-radius: 6px 6px 0 0;
  border: 1px solid #DFDFE8;
  border-bottom: 1px solid #FFF;
  color: #FB542B;
  font-size: 16px;
  font-weight: 500;
  -webkit-letter-spacing: -0.29px;
  -moz-letter-spacing: -0.29px;
  -ms-letter-spacing: -0.29px;
  letter-spacing: -0.29px;
  line-height: 44px;
  display: inline-block;
  cursor: pointer;
  min-width: 230px;
  padding: 0 10px;
  margin: 0 2px;
  position: relative;
  top: 1px;
}

.c7 {
  border-radius: 6px 6px 0 0;
  border: 1px solid #DFDFE8;
  border-bottom: 1px solid #DFDFE8;
  color: #686978;
  font-size: 16px;
  font-weight: 500;
  -webkit-letter-spacing: -0.29px;
  -moz-letter-spacing: -0.29px;
  -ms-letter-spacing: -0.29px;
  letter-spacing: -0.29px;
  line-height: 44px;
  display: inline-block;
  cursor: pointer;
  min-width: 230px;
  padding: 0 10px;
  margin: 0 2px;
  position: relative;
  top: 1px;
}

.c8 {
  padding: 34px 56px 20px;
}

.c10 {
  max-width: 100%;
  width: 100%;
}

.c13 {
  min-height: 140px;
  box-sizing: border-box;
  width: 100%;
  font-family: Muli,sans-serif;
  border: 1px solid #DFDFE8;
  border-radius: 6px;
  padding: 15px 20px;
  font-size: 16px;
  line-height: 26px;
}

.c11 {
  max-width: 100%;
  width: 100%;
  margin-bottom: 12px;
}

.c12 {
  width: 100%;
  font-family: Poppins,sans-serif;
  line-height: normal;
  font-size: 14px;
  font-weight: 500;
  color: #686978;
  margin-bottom: 6px;
}

.c0 {
  position: fixed;
  top: 0;
  left: 0;
  width: 100%;
  height: 100vh;
  background: rgba(12,13,33,0.85);
  z-index: 99;
  padding: 0 20px;
  overflow: hidden;
}

.c1 {
  max-width: 666px;
  margin: 52px auto;
  background: #fff;
  border-radius: 6px;
  overflow: hidden;
  position: relative;
}

.c2 {
  position: absolute;
  top: 19px;
  right: 19px;
  padding: 10px;
  cursor: pointer;
}

.c3 {
  padding: 61px 50px;
  overflow-y: auto;
  max-height: calc(100vh - 100px);
}

<div
  className="c0"
  id="modal"
  onClick={[Function]}
>
  <div
    className="c1"
  >
    <div
      className="c2"
      onClick={[Function]}
    >
      <svg
        height="11"
        width="11"
        xmlns="http://www.w3.org/2000/svg"
      >
        <path
          d="M1.017 11l-.982-.971L4.551 5.48 0 .976.969 0l4.547 4.502L9.923.066l.985.975-4.407 4.436L11 9.932l-.969.977-4.499-4.456z"
          fill="#DFDFE8"
          fillRule="evenodd"
        />
      </svg>
    </div>
    <div
      className="c3"
    >
      <div
        className="c4"
      >
        <div
          id={undefined}
        >
          <div
            className="c5"
          >
            <div
              className="c6"
              onClick={[Function]}
              selected={true}
            >
              MISSING: rewardsBackupText1
            </div>
            <div
              className="c7"
              onClick={[Function]}
              selected={false}
            >
              MISSING: rewardsRestoreText1
            </div>
          </div>
          <div
            className="c8"
          >
            <div
              className="c9"
            >
              MISSING: rewardsBackupText2
            </div>
            <div
              className="c10"
              id={undefined}
            >
              <div
                className="c11"
                id={undefined}
              >
                <div
                  className="c12"
                >
                  MISSING: recoveryKeys
                </div>
                <textarea
                  className="c13"
                  disabled={true}
                  onChange={undefined}
                  value={undefined}
                />
              </div>
            </div>
            <div
              className="c14"
            >
              <button
                className="c15 c16"
                onClick={[Function]}
                size="small"
                type="subtle"
              >
                <div
                  className="c17"
                  onClick={[Function]}
                  size="small"
                  type="subtle"
                >
                  MISSING: copy
                </div>
              </button>
              <button
                className="c15 c16"
                onClick={[Function]}
                size="small"
                type="subtle"
              >
                <div
                  className="c17"
                  onClick={[Function]}
                  size="small"
                  type="subtle"
                >
                  MISSING: print
                </div>
              </button>
              <button
                className="c15 c16"
                onClick={[Function]}
                size="small"
                type="subtle"
              >
                <div
                  className="c17"
                  onClick={[Function]}
                  size="small"
                  type="subtle"
                >
                  MISSING: saveAsFile
                </div>
              </button>
            </div>
            <div
              className="c18"
            >
              <button
                className="c19"
                onClick={[Function]}
                size="medium"
                type="default"
              >
                <div
                  className="c17"
                  onClick={[Function]}
                  size="medium"
                  type="default"
                >
                  MISSING: done
                </div>
              </button>
            </div>
          </div>
        </div>
      </div>
    </div>
  </div>
</div>
`;
